------------------------------------------------------------
TimeQuest Timing Analyzer Summary
------------------------------------------------------------

Type  : Slow Model Setup 'clk_cnt[0]'
Slack : -5.425
TNS   : -5521.459

Type  : Slow Model Setup 'CLK'
Slack : -2.160
TNS   : -14.409

Type  : Slow Model Setup 'wri'
Slack : 0.235
TNS   : 0.000

Type  : Slow Model Hold 'CLK'
Slack : -1.453
TNS   : -6.056

Type  : Slow Model Hold 'clk_cnt[0]'
Slack : 0.499
TNS   : 0.000

Type  : Slow Model Hold 'wri'
Slack : 0.499
TNS   : 0.000

Type  : Slow Model Minimum Pulse Width 'CLK'
Slack : -1.941
TNS   : -13.813

Type  : Slow Model Minimum Pulse Width 'wri'
Slack : -1.777
TNS   : -191.729

Type  : Slow Model Minimum Pulse Width 'clk_cnt[0]'
Slack : -0.742
TNS   : -2899.736

Type  : Fast Model Setup 'clk_cnt[0]'
Slack : -1.269
TNS   : -596.552

Type  : Fast Model Setup 'CLK'
Slack : 0.000
TNS   : 0.000

Type  : Fast Model Setup 'wri'
Slack : 0.665
TNS   : 0.000

Type  : Fast Model Hold 'CLK'
Slack : -0.823
TNS   : -4.946

Type  : Fast Model Hold 'clk_cnt[0]'
Slack : 0.215
TNS   : 0.000

Type  : Fast Model Hold 'wri'
Slack : 0.215
TNS   : 0.000

Type  : Fast Model Minimum Pulse Width 'CLK'
Slack : -1.380
TNS   : -9.380

Type  : Fast Model Minimum Pulse Width 'wri'
Slack : -1.222
TNS   : -129.222

Type  : Fast Model Minimum Pulse Width 'clk_cnt[0]'
Slack : -0.500
TNS   : -1954.000

------------------------------------------------------------
